// Jest Snapshot v1, https://goo.gl/fbAQLP

exports[`Example.react renders the example 1`] = `
<DocumentFragment>
  <div>
    <div
      class="example"
    >
      <div
        class="warning"
      >
        Your FBT Demo
      </div>
      <h1>
        Construct sentences
      </h1>
      <h2>
        Use the form below to see FBT in action.
      </h2>
      <form
        action=""
        method="get"
      >
        <fieldset>
          <span
            class="example_row"
          >
            <span
              class="example_input--30"
            >
              <select
                class="neatoSelect"
              >
                <option
                  value="3"
                >
                  Your Gender:
                </option>
                <option
                  value="3"
                >
                  Unknown
                </option>
                <option
                  value="1"
                >
                  Male
                </option>
                <option
                  value="2"
                >
                  Female
                </option>
              </select>
            </span>
          </span>
        </fieldset>
        <fieldset>
          <span
            class="example_row example_row--multi"
          >
            <span
              class="example_input example_input--40"
            >
              <input
                name="name"
                placeholder="name"
                type="text"
              />
            </span>
            <span
              class="example_input example_input--30"
            >
              <input
                name="count"
                placeholder="count"
                type="number"
              />
            </span>
            <span
              class="example_row"
            >
              <select
                class="neatoSelect"
              >
                <option
                  value="3"
                >
                  Gender:
                </option>
                <option
                  value="3"
                >
                  Unknown
                </option>
                <option
                  value="1"
                >
                  Male
                </option>
                <option
                  value="2"
                >
                  Female
                </option>
              </select>
            </span>
          </span>
        </fieldset>
        <fieldset>
          <span
            class="sentence example_row"
          >
            <b
              class="padRight"
            >
              Someone
            </b>
             has shared 
            <a
              class="neatoLink"
              href="#"
            >
              a photo
            </a>
             with you
          </span>
        </fieldset>
        <fieldset>
          <span
            class="example_row example_row--multi"
          >
            <span
              class="example_input example_input--40"
            >
              <input
                name="ex2Name"
                placeholder="name"
                type="text"
              />
            </span>
            <span
              class="example_input example_input--20"
            >
              <select
                class="neatoSelect"
              >
                <option
                  value="LINK"
                >
                  link
                </option>
                <option
                  value="PAGE"
                >
                  page
                </option>
                <option
                  value="PHOTO"
                >
                  photo
                </option>
                <option
                  value="POST"
                >
                  post
                </option>
                <option
                  value="VIDEO"
                >
                  video
                </option>
              </select>
            </span>
            <span
              class="example_row example_input--20"
            >
              <select
                class="neatoSelect"
              >
                <option
                  value="11"
                >
                  Gender:
                </option>
                <option
                  value="0"
                >
                  Not a person
                </option>
                <option
                  value="11"
                >
                  Unknown (plural)
                </option>
                <option
                  value="7"
                >
                  Unknown (singular)
                </option>
                <option
                  value="2"
                >
                  Male (singular)
                </option>
                <option
                  value="1"
                >
                  Female (singular)
                </option>
              </select>
            </span>
          </span>
        </fieldset>
        <fieldset>
          <span
            class="sentence example_row"
          >
            <b
              class="padRight"
            >
              <a
                href="#"
              >
                Someone
              </a>
            </b>
             has a link to share! 
            <b
              class="pad"
            >
              <a
                href="#"
              >
                View
              </a>
            </b>
             their link.
          </span>
        </fieldset>
        <fieldset>
          <label>
            Do you want to share a photo, link or video?
          </label>
        </fieldset>
        <fieldset>
          <span
            class="example_row"
          >
            <button
              class="bottom"
              type="submit"
            >
              Try it out!
            </button>
          </span>
        </fieldset>
      </form>
    </div>
    <ul
      class="languages"
    >
      <li>
        <a
          href="#ar_AR"
        >
          العربية
        </a>
      </li>
      <li>
        English (US)‎
      </li>
      <li>
        <a
          href="#es_LA"
        >
          Español
        </a>
      </li>
      <li>
        <a
          href="#fb_HX"
        >
          l33t 5p34k
        </a>
      </li>
      <li>
        <a
          href="#he_IL"
        >
          עברית
        </a>
      </li>
      <li>
        <a
          href="#ja_JP"
        >
          日本語
        </a>
      </li>
      <li>
        <a
          href="#ru_RU"
        >
          Русский
        </a>
      </li>
    </ul>
  </div>
</DocumentFragment>
`;
